// Jest Snapshot v1, https://goo.gl/fbAQLP

exports[`<Listing /> mounting a <Listing /> 1`] = `null`;
